Godot Engine v4.7.stable.official.5b4e0cb0f - https://godotengine.org

[FONT] Japanese UI font active: Noto Sans JP
Game progress initialized
[DEV033] Player select opened
[DEV035] Character data loaded: enemy_05_cross_murasame
[DEV035] Type: Jujutsu
[DEV035] HP: 108
[DEV035] Move speed: 305
[DEV035] Punch damage: 5
[DEV035] Kick damage: 7
[DEV035] Character data loaded: player_01_akky
[DEV035] Type: Balance
[DEV035] HP: 100
[DEV035] Move speed: 235
[DEV035] Punch damage: 11
[DEV035] Kick damage: 15
[DEV036] Attack started: player1_punch_1
Punch HitBox ON
[DEV036] Attack active: player1_punch_1
Punch Hit
Damage: 11
HP: 97
[Special] gauge_changed=9
[DEV036] Attack hit: Enemy1
[Special] gauge_changed=8
Punch HitBox OFF
[DEV036] Attack finished: player1_punch_1
[DEV036] Attack started: cross_kick
Kick HitBox ON
[DEV036] Attack active: cross_kick
Kick Hit
Damage: 7
HP: 93
[Special] gauge_changed=18
[DEV036] Attack hit: Player
[Special] gauge_changed=19
Kick HitBox OFF
[DEV036] Attack finished: cross_kick
[Special] gauge_changed=21
Damage: 0
HP: 108
[Special] gauge_changed=28
[DEV033] Enemy target updated: 
THROW STARTUP
THROW CONNECTED
THROW RELEASE
Damage: 22
HP: 78
[Special] gauge_changed=33
[Special] gauge_full
[Special] started id=cross_muei
[Special] active
[Special] finished
[DEV036] Attack started: player1_punch_1
Punch HitBox ON
[DEV036] Attack active: player1_punch_1
Punch Hit
Damage: 11
HP: 97
[Special] gauge_changed=9
[DEV036] Attack hit: Enemy1
[Special] gauge_changed=41
Punch HitBox OFF
[DEV036] Attack finished: player1_punch_1
[DEV036] Attack started: cross_kick
Kick HitBox ON
[DEV036] Attack active: cross_kick
Kick Hit
Damage: 7
HP: 93
[Special] gauge_changed=51
[DEV036] Attack hit: Player
[Special] gauge_changed=19
Kick HitBox OFF
[DEV036] Attack finished: cross_kick
[Special] gauge_changed=54
Damage: 0
HP: 108
[Special] gauge_changed=28
[DEV033] Enemy target updated: 
THROW STARTUP
THROW CONNECTED
THROW RELEASE
Damage: 22
HP: 78
[Special] gauge_changed=66
[Special] gauge_full
[Special] started id=cross_muei
[Special] active
[Special] finished
CROSS_MOTION_INTEGRITY_RESULT frames=291 unique_views=150 screenshots=0 failures=[]
