Godot Engine v4.7.stable.official.5b4e0cb0f - https://godotengine.org

[FONT] Japanese UI font active: Noto Sans JP
Game progress initialized
[DEV033] Player select opened
[ROTATION] Fighter selected for stage 1: player_03_seiya
[DEV035] Character data loaded: player_03_seiya
[DEV035] Type: Technical
[DEV035] HP: 92
[DEV035] Move speed: 265
[DEV035] Punch damage: 9
[DEV035] Kick damage: 13
[DEV035] player_03_seiya stats applied
[DEV035] HUD max HP updated: 46
[DEV035] Character data loaded: enemy_01_crusher
[DEV035] Type: Power
[DEV035] HP: 125
[DEV035] Move speed: 245
[DEV035] Punch damage: 6
[DEV035] Kick damage: 8
[DEV033] Enemy target updated: player_03_seiya
[Music] play=battle position=0.00
BGM: BattleBGM
Battle Start: player_03_seiya VS enemy_01_crusher
[DEV036] Attack started: player3_punch_1
Punch HitBox ON
[DEV036] Attack active: player3_punch_1
Punch HitBox OFF
[DEV036] Attack finished: player3_punch_1
[DEV036] Attack missed
[DEV036] Combo chain blocked on whiff
[DEV036] Attack started: player3_punch_2
Punch HitBox ON
[DEV036] Attack active: player3_punch_2
Punch HitBox OFF
[DEV036] Attack finished: player3_punch_2
[DEV036] Attack missed
[DEV036] Combo chain blocked on whiff
[DEV036] Attack started: player3_punch_3
Punch HitBox ON
[DEV036] Attack active: player3_punch_3
Punch HitBox OFF
[DEV036] Attack finished: player3_punch_3
[DEV036] Attack missed
[DEV036] Combo chain blocked on whiff
[DEV036] Attack started: player3_kick_finish
Kick HitBox ON
[DEV036] Attack active: player3_kick_finish
Kick HitBox OFF
[DEV036] Attack finished: player3_kick_finish
[DEV036] Attack missed
[DEV036] Combo chain blocked on whiff
[DEV036] Attack started: player3_punch_1
Punch HitBox ON
[DEV036] Attack active: player3_punch_1
Punch HitBox OFF
[DEV036] Attack finished: player3_punch_1
[DEV036] Attack missed
[DEV036] Combo chain blocked on whiff
[DEV036] Attack started: player1_crouch_kick_sweep
Kick HitBox ON
[DEV036] Attack active: player1_crouch_kick_sweep
Kick HitBox OFF
[DEV036] Attack finished: player1_crouch_kick_sweep
[DEV036] Attack missed
[DEV036] Combo chain blocked on whiff
[DEV036] Attack started: player1_jump_punch_down
Punch HitBox ON
[DEV036] Attack active: player1_jump_punch_down
Punch HitBox OFF
[DEV036] Attack finished: player1_jump_punch_down
[DEV036] Attack missed
[DEV036] Combo chain blocked on whiff
[DEV036] Attack started: fallback_jump_kick
Kick HitBox ON
[DEV036] Attack active: fallback_jump_kick
Kick HitBox OFF
[DEV036] Attack finished: fallback_jump_kick
[DEV036] Attack missed
[DEV036] Combo chain blocked on whiff
[DEV036] Attack started: player3_punch_1
Punch HitBox ON
[DEV036] Attack active: player3_punch_1
Punch HitBox OFF
[DEV036] Attack finished: player3_punch_1
[DEV036] Attack missed
[DEV036] Combo chain blocked on whiff
[DEV036] Attack started: player3_punch_2
Punch HitBox ON
[DEV036] Attack active: player3_punch_2
Punch HitBox OFF
[DEV036] Attack finished: player3_punch_2
[DEV036] Attack missed
[DEV036] Combo chain blocked on whiff
[DEV036] Attack started: player3_punch_3
Punch HitBox ON
[DEV036] Attack active: player3_punch_3
Punch HitBox OFF
[DEV036] Attack finished: player3_punch_3
[DEV036] Attack missed
[DEV036] Combo chain blocked on whiff
[DEV036] Attack started: player3_kick_finish
Kick HitBox ON
[DEV036] Attack active: player3_kick_finish
Kick HitBox OFF
[DEV036] Attack finished: player3_kick_finish
[DEV036] Attack missed
[DEV036] Combo chain blocked on whiff
[DEV036] Attack started: player3_punch_1
Punch HitBox ON
[DEV036] Attack active: player3_punch_1
Punch HitBox OFF
[DEV036] Attack finished: player3_punch_1
[DEV036] Attack missed
[DEV036] Combo chain blocked on whiff
[DEV036] Attack started: player1_crouch_kick_sweep
Kick HitBox ON
[DEV036] Attack active: player1_crouch_kick_sweep
Kick HitBox OFF
[DEV036] Attack finished: player1_crouch_kick_sweep
[DEV036] Attack missed
[DEV036] Combo chain blocked on whiff
[DEV036] Attack started: player1_jump_punch_down
Punch HitBox ON
[DEV036] Attack active: player1_jump_punch_down
Punch HitBox OFF
[DEV036] Attack finished: player1_jump_punch_down
[DEV036] Attack missed
[DEV036] Combo chain blocked on whiff
[DEV036] Attack started: fallback_jump_kick
Kick HitBox ON
[DEV036] Attack active: fallback_jump_kick
Kick HitBox OFF
[DEV036] Attack finished: fallback_jump_kick
[DEV036] Attack missed
[DEV036] Combo chain blocked on whiff
[Special] gauge_full
[Special] started id=player3_special_clear_counter
[Special] active
[Special] finished
SEIYA_MOTION_ATLAS_OK clips=118 frames=331 failures=[]
[DEV041][GameFlow] Battle cleanup completed
