Godot Engine v4.7.stable.official.5b4e0cb0f - https://godotengine.org

[FONT] Japanese UI font active: Noto Sans JP
Game progress initialized
[DEV033] Player select opened
[ROTATION] Fighter selected for stage 1: player_01_akky
[DEV035] Character data loaded: player_01_akky
[DEV035] Type: Balance
[DEV035] HP: 100
[DEV035] Move speed: 235
[DEV035] Punch damage: 11
[DEV035] Kick damage: 15
[DEV035] player_01_akky stats applied
[DEV035] HUD max HP updated: 50
[DEV035] Character data loaded: enemy_01_crusher
[DEV035] Type: Power
[DEV035] HP: 125
[DEV035] Move speed: 245
[DEV035] Punch damage: 6
[DEV035] Kick damage: 8
[DEV033] Enemy target updated: player_01_akky
BGM: BattleBGM
Battle Start: player_01_akky VS enemy_01_crusher
[DEV036] Attack started: player1_punch_1
Punch HitBox ON
[DEV036] Attack active: player1_punch_1
Punch Hit
Damage: 11
HP: 114
[Special] gauge_changed=9
[DEV036] Attack hit: Enemy1
[Special] gauge_changed=8
Punch HitBox OFF
[DEV036] Attack finished: player1_punch_1
[DEV036] Attack started: player1_punch_1
Punch HitBox ON
[DEV036] Attack active: player1_punch_1
Punch Hit
Damage: 11
HP: 103
[Special] gauge_changed=18
[DEV036] Attack hit: Enemy1
[Special] gauge_changed=17
Punch HitBox OFF
[DEV036] Attack finished: player1_punch_1
[DEV036] Attack started: player1_punch_1
Punch HitBox ON
[DEV036] Attack active: player1_punch_1
Punch Hit
Damage: 11
HP: 92
[Special] gauge_changed=27
[DEV036] Attack hit: Enemy1
[Special] gauge_changed=25
Punch HitBox OFF
[DEV036] Attack finished: player1_punch_1
[DEV036] Attack started: player1_punch_1
Punch HitBox ON
[DEV036] Attack active: player1_punch_1
Punch Hit
Damage: 11
HP: 81
[Special] gauge_changed=36
[DEV036] Attack hit: Enemy1
[Special] gauge_changed=33
Punch HitBox OFF
[DEV036] Attack finished: player1_punch_1
[DEV036] Attack started: player1_punch_1
Punch HitBox ON
[DEV036] Attack active: player1_punch_1
Punch Hit
Damage: 11
HP: 70
[Special] gauge_changed=45
[DEV036] Attack hit: Enemy1
[Special] gauge_changed=42
Punch HitBox OFF
[DEV036] Attack finished: player1_punch_1
[DEV036] Attack started: player1_punch_1
Punch HitBox ON
[DEV036] Attack active: player1_punch_1
Punch Hit
Damage: 11
HP: 59
[Special] gauge_changed=54
[DEV036] Attack hit: Enemy1
[Special] gauge_changed=50
Punch HitBox OFF
[DEV036] Attack finished: player1_punch_1
[DEV036] Attack started: player1_punch_1
Punch HitBox ON
[DEV036] Attack active: player1_punch_1
Punch Hit
Damage: 11
HP: 48
[Special] gauge_changed=63
[DEV036] Attack hit: Enemy1
[Special] gauge_changed=59
Punch HitBox OFF
[DEV036] Attack finished: player1_punch_1
[DEV036] Attack started: player1_punch_1
Punch HitBox ON
[DEV036] Attack active: player1_punch_1
Punch Hit
Damage: 11
HP: 37
[Special] gauge_changed=72
[DEV036] Attack hit: Enemy1
[Special] gauge_changed=67
Punch HitBox OFF
[DEV036] Attack finished: player1_punch_1
[DEV036] Attack started: player1_punch_1
Punch HitBox ON
[DEV036] Attack active: player1_punch_1
Punch Hit
Damage: 11
HP: 26
[Special] gauge_changed=81
[DEV036] Attack hit: Enemy1
[Special] gauge_changed=76
Punch HitBox OFF
[DEV036] Attack finished: player1_punch_1
[DEV036] Attack started: player1_punch_1
Punch HitBox ON
[DEV036] Attack active: player1_punch_1
Punch Hit
Damage: 11
HP: 15
[Special] gauge_changed=90
[DEV036] Attack hit: Enemy1
[Special] gauge_changed=84
Punch HitBox OFF
[DEV036] Attack finished: player1_punch_1
[DEV036] Attack started: player1_punch_1
Punch HitBox ON
[DEV036] Attack active: player1_punch_1
Punch Hit
Damage: 11
HP: 4
[Special] gauge_changed=99
[DEV036] Attack hit: Enemy1
[Special] gauge_changed=93
Punch HitBox OFF
[DEV036] Attack finished: player1_punch_1
[DEV036] Attack started: player1_punch_1
Punch HitBox ON
[DEV036] Attack active: player1_punch_1
Punch Hit
Damage: 11
HP: 0
HP reached 0
KO detected
[DEV036] Attack hit: Enemy1
[Special] gauge_full
[Special] gauge_changed=100
[DEV036] Attack finished: player1_punch_1
Enemy defeated: enemy_01_crusher
[DEV033] Player select opened
[ROTATION] Fighter selected for stage 2: player_02_gou
[Special] gauge_full
[DEV035] Character data loaded: player_02_gou
[DEV035] Type: Power
[DEV035] HP: 130
[DEV035] Move speed: 175
[DEV035] Punch damage: 18
[DEV035] Kick damage: 25
[DEV035] Character changed: player_01_akky -> player_02_gou
[DEV035] player_02_gou stats applied
[DEV035] HUD max HP updated: 65
[DEV035] Character data loaded: enemy_04_rei_kageyama
[DEV035] Type: Karate
[DEV035] HP: 112
[DEV035] Move speed: 300
[DEV035] Punch damage: 5
[DEV035] Kick damage: 9
[DEV033] Enemy target updated: player_02_gou
Battle Start: player_02_gou VS enemy_04_rei_kageyama
[DEV036] Attack started: rei_straight
Punch HitBox ON
[DEV036] Attack active: rei_straight
Punch HitBox OFF
[DEV036] Attack finished: rei_straight
[DEV036] Attack missed
[DEV036] Combo chain blocked on whiff
[DEV036] Attack started: rei_uppercut
Punch HitBox ON
[DEV036] Attack active: rei_uppercut
Punch HitBox OFF
[DEV036] Attack finished: rei_uppercut
[DEV036] Attack missed
[DEV036] Combo chain blocked on whiff
[DEV036] Attack started: rei_roundhouse
Kick HitBox ON
[DEV036] Attack active: rei_roundhouse
Kick HitBox OFF
[DEV036] Attack finished: rei_roundhouse
[DEV036] Attack missed
[DEV036] Combo chain blocked on whiff
[DEV036] Attack started: rei_air_kick
Kick HitBox ON
[DEV036] Attack active: rei_air_kick
Kick HitBox OFF
[DEV036] Attack finished: rei_air_kick
[DEV036] Attack missed
[DEV036] Combo chain blocked on whiff
[DEV036] Attack started: rei_air_punch
Punch HitBox ON
[DEV036] Attack active: rei_air_punch
Punch HitBox OFF
[DEV036] Attack finished: rei_air_punch
[DEV036] Attack missed
[DEV036] Combo chain blocked on whiff
[DEV036] Attack started: rei_sweep
Kick HitBox ON
[DEV036] Attack active: rei_sweep
Kick HitBox OFF
[DEV036] Attack finished: rei_sweep
[DEV036] Attack missed
[DEV036] Combo chain blocked on whiff
[DEV036] Attack started: rei_straight
Punch HitBox ON
[DEV036] Attack active: rei_straight
Punch HitBox OFF
[DEV036] Attack finished: rei_straight
[DEV036] Attack missed
[DEV036] Combo chain blocked on whiff
[DEV036] Attack started: rei_uppercut
Punch HitBox ON
[DEV036] Attack active: rei_uppercut
Punch HitBox OFF
[DEV036] Attack finished: rei_uppercut
[DEV036] Attack missed
[DEV036] Combo chain blocked on whiff
[DEV036] Attack started: rei_roundhouse
Kick HitBox ON
[DEV036] Attack active: rei_roundhouse
Kick HitBox OFF
[DEV036] Attack finished: rei_roundhouse
[DEV036] Attack missed
[DEV036] Combo chain blocked on whiff
[DEV036] Attack started: rei_air_kick
Kick HitBox ON
[DEV036] Attack active: rei_air_kick
Kick HitBox OFF
[DEV036] Attack finished: rei_air_kick
[DEV036] Attack missed
[DEV036] Combo chain blocked on whiff
[DEV036] Attack started: rei_air_punch
Punch HitBox ON
[DEV036] Attack active: rei_air_punch
Punch HitBox OFF
[DEV036] Attack finished: rei_air_punch
[DEV036] Attack missed
[DEV036] Combo chain blocked on whiff
[DEV036] Attack started: rei_sweep
Kick HitBox ON
[DEV036] Attack active: rei_sweep
Kick HitBox OFF
[DEV036] Attack finished: rei_sweep
[DEV036] Attack missed
[DEV036] Combo chain blocked on whiff
[DEV036] Attack started: rei_sweep
[DEV060][enemy_04_rei_kageyama] Sweep selected
[DEV036] Attack finished: rei_sweep
[DEV036] Attack missed
[DEV036] Combo chain blocked on whiff
[Special] gauge_full
[Special] started id=rei_dragon_uppercut
[Special] active
[Special] finished
[DEV036] Attack started: player2_punch_1
Punch HitBox ON
[DEV036] Attack active: player2_punch_1
Punch Hit
Damage: 18
HP: 94
[Special] gauge_changed=9
[DEV036] Attack hit: Enemy1
[Special] gauge_changed=8
Punch HitBox OFF
[DEV036] Attack finished: player2_punch_1
[DEV036] Attack started: player2_punch_1
Punch HitBox ON
[DEV036] Attack active: player2_punch_1
Punch Hit
Damage: 18
HP: 76
[Special] gauge_changed=18
[DEV036] Attack hit: Enemy1
[Special] gauge_changed=17
Punch HitBox OFF
[DEV036] Attack finished: player2_punch_1
[DEV036] Attack started: player2_punch_1
Punch HitBox ON
[DEV036] Attack active: player2_punch_1
Punch Hit
Damage: 18
HP: 58
[Special] gauge_changed=27
[DEV036] Attack hit: Enemy1
[Special] gauge_changed=25
Punch HitBox OFF
[DEV036] Attack finished: player2_punch_1
[DEV036] Attack started: player2_punch_1
Punch HitBox ON
[DEV036] Attack active: player2_punch_1
Punch Hit
Damage: 18
HP: 40
[Special] gauge_changed=36
[DEV036] Attack hit: Enemy1
[Special] gauge_changed=33
Punch HitBox OFF
[DEV036] Attack finished: player2_punch_1
[DEV036] Attack started: player2_punch_1
Punch HitBox ON
[DEV036] Attack active: player2_punch_1
Punch Hit
Damage: 18
HP: 22
[Special] gauge_changed=45
[DEV036] Attack hit: Enemy1
[Special] gauge_changed=42
Punch HitBox OFF
[DEV036] Attack finished: player2_punch_1
[DEV036] Attack started: player2_punch_1
Punch HitBox ON
[DEV036] Attack active: player2_punch_1
Punch Hit
Damage: 18
HP: 4
[Special] gauge_changed=54
[DEV036] Attack hit: Enemy1
[Special] gauge_changed=50
Punch HitBox OFF
[DEV036] Attack finished: player2_punch_1
[DEV036] Attack started: player2_punch_1
Punch HitBox ON
[DEV036] Attack active: player2_punch_1
Punch Hit
Damage: 18
HP: 0
HP reached 0
KO detected
[DEV036] Attack hit: Enemy1
[Special] gauge_changed=59
[DEV036] Attack finished: player2_punch_1
Enemy defeated: enemy_04_rei_kageyama
BGM: WinBGM
STAGE 2 CLEAR
[DEV041][GameFlow] Restart confirmed
[DEV041][GameFlow] Battle cleanup completed
Game progress initialized
[DEV033] Player select opened
[ROTATION] Fighter selected for stage 1: player_01_akky
[DEV035] Character data loaded: player_01_akky
[DEV035] Type: Balance
[DEV035] HP: 100
[DEV035] Move speed: 235
[DEV035] Punch damage: 11
[DEV035] Kick damage: 15
[DEV035] Character changed: player_02_gou -> player_01_akky
[DEV035] player_01_akky stats applied
[DEV035] HUD max HP updated: 50
[DEV035] Character data loaded: enemy_01_crusher
[DEV035] Type: Power
[DEV035] HP: 125
[DEV035] Move speed: 245
[DEV035] Punch damage: 6
[DEV035] Kick damage: 8
[DEV033] Enemy target updated: player_01_akky
BGM: BattleBGM
Battle Start: player_01_akky VS enemy_01_crusher
[DEV041][GameFlow] Battle cleanup completed
STAGE2_REGRESSION failures=[]
WARNING: 2 ObjectDB instances were leaked at exit (run with `--verbose` for details).
   at: cleanup (core/object/object.cpp:2535)
