Godot Engine v4.7.stable.official.5b4e0cb0f - https://godotengine.org

[FONT] Japanese UI font active: Noto Sans JP
Game progress initialized
[DEV033] Player select opened
[ROTATION] Fighter selected for stage 1: player_01_akky
[DEV035] Character data loaded: player_01_akky
[DEV035] Type: Balance
[DEV035] HP: 100
[DEV035] Move speed: 235
[DEV035] Punch damage: 11
[DEV035] Kick damage: 15
[DEV035] player_01_akky stats applied
[DEV035] HUD max HP updated: 50
[DEV035] Character data loaded: enemy_01_crusher
[DEV035] Type: Power
[DEV035] HP: 125
[DEV035] Move speed: 245
[DEV035] Punch damage: 6
[DEV035] Kick damage: 8
[DEV033] Enemy target updated: player_01_akky
BGM: BattleBGM
Battle Start: player_01_akky VS enemy_01_crusher
[DEV036] Attack started: player1_punch_1
Punch HitBox ON
[DEV036] Attack active: player1_punch_1
Punch Hit
Damage: 11
HP: 114
[Special] gauge_changed=9
[DEV036] Attack hit: Enemy1
[Special] gauge_changed=8
Punch HitBox OFF
[DEV036] Attack finished: player1_punch_1
[DEV036] Attack started: player1_punch_1
Punch HitBox ON
[DEV036] Attack active: player1_punch_1
Punch Hit
Damage: 11
HP: 103
[Special] gauge_changed=18
[DEV036] Attack hit: Enemy1
[Special] gauge_changed=17
Punch HitBox OFF
[DEV036] Attack finished: player1_punch_1
[DEV036] Attack started: player1_punch_1
Punch HitBox ON
[DEV036] Attack active: player1_punch_1
Punch Hit
Damage: 11
HP: 92
[Special] gauge_changed=27
[DEV036] Attack hit: Enemy1
[Special] gauge_changed=25
Punch HitBox OFF
[DEV036] Attack finished: player1_punch_1
[DEV036] Attack started: player1_punch_1
Punch HitBox ON
[DEV036] Attack active: player1_punch_1
Punch Hit
Damage: 11
HP: 81
[Special] gauge_changed=36
[DEV036] Attack hit: Enemy1
[Special] gauge_changed=33
Punch HitBox OFF
[DEV036] Attack finished: player1_punch_1
[DEV036] Attack started: player1_punch_1
Punch HitBox ON
[DEV036] Attack active: player1_punch_1
Punch Hit
Damage: 11
HP: 70
[Special] gauge_changed=45
[DEV036] Attack hit: Enemy1
[Special] gauge_changed=42
Punch HitBox OFF
[DEV036] Attack finished: player1_punch_1
[DEV036] Attack started: player1_punch_1
Punch HitBox ON
[DEV036] Attack active: player1_punch_1
Punch Hit
Damage: 11
HP: 59
[Special] gauge_changed=54
[DEV036] Attack hit: Enemy1
[Special] gauge_changed=50
Punch HitBox OFF
[DEV036] Attack finished: player1_punch_1
[DEV036] Attack started: player1_punch_1
Punch HitBox ON
[DEV036] Attack active: player1_punch_1
Punch Hit
Damage: 11
HP: 48
[Special] gauge_changed=63
[DEV036] Attack hit: Enemy1
[Special] gauge_changed=59
Punch HitBox OFF
[DEV036] Attack finished: player1_punch_1
[DEV036] Attack started: player1_punch_1
Punch HitBox ON
[DEV036] Attack active: player1_punch_1
Punch Hit
Damage: 11
HP: 37
[Special] gauge_changed=72
[DEV036] Attack hit: Enemy1
[Special] gauge_changed=67
Punch HitBox OFF
[DEV036] Attack finished: player1_punch_1
[DEV036] Attack started: player1_punch_1
Punch HitBox ON
[DEV036] Attack active: player1_punch_1
Punch Hit
Damage: 11
HP: 26
[Special] gauge_changed=81
[DEV036] Attack hit: Enemy1
[Special] gauge_changed=76
Punch HitBox OFF
[DEV036] Attack finished: player1_punch_1
[DEV036] Attack started: player1_punch_1
Punch HitBox ON
[DEV036] Attack active: player1_punch_1
Punch Hit
Damage: 11
HP: 15
[Special] gauge_changed=90
[DEV036] Attack hit: Enemy1
[Special] gauge_changed=84
Punch HitBox OFF
[DEV036] Attack finished: player1_punch_1
[DEV036] Attack started: player1_punch_1
Punch HitBox ON
[DEV036] Attack active: player1_punch_1
Punch Hit
Damage: 11
HP: 4
[Special] gauge_changed=99
[DEV036] Attack hit: Enemy1
[Special] gauge_changed=93
Punch HitBox OFF
[DEV036] Attack finished: player1_punch_1
[DEV036] Attack started: player1_punch_1
Punch HitBox ON
[DEV036] Attack active: player1_punch_1
Punch Hit
Damage: 11
HP: 0
HP reached 0
KO detected
[DEV036] Attack hit: Enemy1
[Special] gauge_full
[Special] gauge_changed=100
[DEV036] Attack finished: player1_punch_1
Enemy defeated: enemy_01_crusher
[DEV033] Player select opened
[ROTATION] Fighter selected for stage 2: player_01_akky
[Special] gauge_full
[DEV035] Character data loaded: player_01_akky
[DEV035] Type: Balance
[DEV035] HP: 100
[DEV035] Move speed: 235
[DEV035] Punch damage: 11
[DEV035] Kick damage: 15
[Special] gauge_full
[DEV035] player_01_akky stats applied
[DEV035] HUD max HP updated: 50
[DEV035] Character data loaded: enemy_04_rei_kageyama
[DEV035] Type: Karate
[DEV035] HP: 112
[DEV035] Move speed: 300
[DEV035] Punch damage: 5
[DEV035] Kick damage: 9
[DEV033] Enemy target updated: player_01_akky
Battle Start: player_01_akky VS enemy_04_rei_kageyama
[DEV036] Attack started: player1_punch_1
Punch HitBox ON
[DEV036] Attack active: player1_punch_1
Punch Hit
Damage: 11
HP: 101
[Special] gauge_changed=9
[DEV036] Attack hit: Enemy1
[Special] gauge_full
[Special] gauge_changed=100
Punch HitBox OFF
[DEV036] Attack finished: player1_punch_1
[DEV036] Attack started: player1_punch_1
Punch HitBox ON
[DEV036] Attack active: player1_punch_1
Punch Hit
Damage: 11
HP: 90
[Special] gauge_changed=18
[DEV036] Attack hit: Enemy1
[Special] gauge_full
[Special] gauge_changed=100
Punch HitBox OFF
[DEV036] Attack finished: player1_punch_1
[DEV036] Attack started: player1_punch_1
Punch HitBox ON
[DEV036] Attack active: player1_punch_1
Punch Hit
Damage: 11
HP: 79
[Special] gauge_changed=27
[DEV036] Attack hit: Enemy1
[Special] gauge_full
[Special] gauge_changed=100
Punch HitBox OFF
[DEV036] Attack finished: player1_punch_1
[DEV036] Attack started: player1_punch_1
Punch HitBox ON
[DEV036] Attack active: player1_punch_1
Punch Hit
Damage: 11
HP: 68
[Special] gauge_changed=36
[DEV036] Attack hit: Enemy1
[Special] gauge_full
[Special] gauge_changed=100
Punch HitBox OFF
[DEV036] Attack finished: player1_punch_1
[DEV036] Attack started: player1_punch_1
Punch HitBox ON
[DEV036] Attack active: player1_punch_1
Punch Hit
Damage: 11
HP: 57
[Special] gauge_changed=45
[DEV036] Attack hit: Enemy1
[Special] gauge_full
[Special] gauge_changed=100
Punch HitBox OFF
[DEV036] Attack finished: player1_punch_1
[DEV036] Attack started: player1_punch_1
Punch HitBox ON
[DEV036] Attack active: player1_punch_1
Punch Hit
Damage: 11
HP: 46
[Special] gauge_changed=54
[DEV036] Attack hit: Enemy1
[Special] gauge_full
[Special] gauge_changed=100
Punch HitBox OFF
[DEV036] Attack finished: player1_punch_1
[DEV036] Attack started: player1_punch_1
Punch HitBox ON
[DEV036] Attack active: player1_punch_1
Punch Hit
Damage: 11
HP: 35
[Special] gauge_changed=63
[DEV036] Attack hit: Enemy1
[Special] gauge_full
[Special] gauge_changed=100
Punch HitBox OFF
[DEV036] Attack finished: player1_punch_1
[DEV036] Attack started: player1_punch_1
Punch HitBox ON
[DEV036] Attack active: player1_punch_1
Punch Hit
Damage: 11
HP: 24
[Special] gauge_changed=72
[DEV036] Attack hit: Enemy1
[Special] gauge_full
[Special] gauge_changed=100
Punch HitBox OFF
[DEV036] Attack finished: player1_punch_1
[DEV036] Attack started: player1_punch_1
Punch HitBox ON
[DEV036] Attack active: player1_punch_1
Punch Hit
Damage: 11
HP: 13
[Special] gauge_changed=81
[DEV036] Attack hit: Enemy1
[Special] gauge_full
[Special] gauge_changed=100
Punch HitBox OFF
[DEV036] Attack finished: player1_punch_1
[DEV036] Attack started: player1_punch_1
Punch HitBox ON
[DEV036] Attack active: player1_punch_1
Punch Hit
Damage: 11
HP: 2
[Special] gauge_changed=90
[DEV036] Attack hit: Enemy1
[Special] gauge_full
[Special] gauge_changed=100
Punch HitBox OFF
[DEV036] Attack finished: player1_punch_1
[DEV036] Attack started: player1_punch_1
Punch HitBox ON
[DEV036] Attack active: player1_punch_1
Punch Hit
Damage: 11
HP: 0
HP reached 0
KO detected
[DEV036] Attack hit: Enemy1
[Special] gauge_full
[Special] gauge_changed=100
[DEV036] Attack finished: player1_punch_1
Enemy defeated: enemy_04_rei_kageyama
[DEV033] Player select opened
[ROTATION] Fighter selected for stage 3: player_01_akky
[Special] gauge_full
[DEV035] Character data loaded: player_01_akky
[DEV035] Type: Balance
[DEV035] HP: 100
[DEV035] Move speed: 235
[DEV035] Punch damage: 11
[DEV035] Kick damage: 15
[Special] gauge_full
[DEV035] player_01_akky stats applied
[DEV035] HUD max HP updated: 50
[DEV035] Character data loaded: enemy_07_teki_fighter
[DEV035] Type: Technical Grappler
[DEV035] HP: 118
[DEV035] Move speed: 300
[DEV035] Punch damage: 5
[DEV035] Kick damage: 7
[DEV033] Enemy target updated: player_01_akky
Battle Start: player_01_akky VS enemy_07_teki_fighter
[DEV036] Attack started: teki_straight
Punch HitBox ON
[DEV036] Attack active: teki_straight
Punch HitBox OFF
[DEV036] Attack finished: teki_straight
[DEV036] Attack missed
[DEV036] Combo chain blocked on whiff
[DEV036] Attack started: teki_elbow
Punch HitBox ON
[DEV036] Attack active: teki_elbow
Punch HitBox OFF
[DEV036] Attack finished: teki_elbow
[DEV036] Attack missed
[DEV036] Combo chain blocked on whiff
[DEV036] Attack started: teki_high_kick
Kick HitBox ON
[DEV036] Attack active: teki_high_kick
Kick HitBox OFF
[DEV036] Attack finished: teki_high_kick
[DEV036] Attack missed
[DEV036] Combo chain blocked on whiff
[DEV036] Attack started: teki_sweep
Kick HitBox ON
[DEV036] Attack active: teki_sweep
Kick HitBox OFF
[DEV036] Attack finished: teki_sweep
[DEV036] Attack missed
[DEV036] Combo chain blocked on whiff
[DEV036] Attack started: teki_air_punch
Punch HitBox ON
[DEV036] Attack active: teki_air_punch
Punch HitBox OFF
[DEV036] Attack finished: teki_air_punch
[DEV036] Attack missed
[DEV036] Combo chain blocked on whiff
[DEV036] Attack started: teki_air_kick
Kick HitBox ON
[DEV036] Attack active: teki_air_kick
Kick HitBox OFF
[DEV036] Attack finished: teki_air_kick
[DEV036] Attack missed
[DEV036] Combo chain blocked on whiff
[DEV036] Attack started: teki_straight
Punch HitBox ON
[DEV036] Attack active: teki_straight
Punch HitBox OFF
[DEV036] Attack finished: teki_straight
[DEV036] Attack missed
[DEV036] Combo chain blocked on whiff
[DEV036] Attack started: teki_elbow
Punch HitBox ON
[DEV036] Attack active: teki_elbow
Punch HitBox OFF
[DEV036] Attack finished: teki_elbow
[DEV036] Attack missed
[DEV036] Combo chain blocked on whiff
[DEV036] Attack started: teki_high_kick
Kick HitBox ON
[DEV036] Attack active: teki_high_kick
Kick HitBox OFF
[DEV036] Attack finished: teki_high_kick
[DEV036] Attack missed
[DEV036] Combo chain blocked on whiff
[DEV036] Attack started: teki_sweep
Kick HitBox ON
[DEV036] Attack active: teki_sweep
Kick HitBox OFF
[DEV036] Attack finished: teki_sweep
[DEV036] Attack missed
[DEV036] Combo chain blocked on whiff
[DEV036] Attack started: teki_air_punch
Punch HitBox ON
[DEV036] Attack active: teki_air_punch
Punch HitBox OFF
[DEV036] Attack finished: teki_air_punch
[DEV036] Attack missed
[DEV036] Combo chain blocked on whiff
[DEV036] Attack started: teki_air_kick
Kick HitBox ON
[DEV036] Attack active: teki_air_kick
Kick HitBox OFF
[DEV036] Attack finished: teki_air_kick
[DEV036] Attack missed
[DEV036] Combo chain blocked on whiff
THROW STARTUP
THROW CONNECTED
THROW RELEASE
Damage: 23
HP: 27
[Special] gauge_full
[Special] gauge_changed=100
THROW STARTUP
THROW CONNECTED
THROW RELEASE
Damage: 23
HP: 27
[Special] gauge_full
[Special] gauge_changed=100
THROW STARTUP
THROW CONNECTED
THROW RELEASE
Damage: 23
HP: 27
[Special] gauge_full
[Special] gauge_changed=100
THROW STARTUP
THROW CONNECTED
THROW RELEASE
Damage: 23
HP: 27
[Special] gauge_full
[Special] gauge_changed=100
THROW STARTUP
THROW CONNECTED
[Special] gauge_full
[Special] started id=teki_deadly_hand
[Special] active
Damage: 11
HP: 39
[Special] gauge_full
[Special] gauge_changed=100
KNOCKDOWN HIT
[Special] hit target=Player
[DEV036] Attack started: player1_punch_1
Punch HitBox ON
[DEV036] Attack active: player1_punch_1
Punch Hit
Damage: 11
HP: 107
[Special] gauge_changed=9
[DEV036] Attack hit: Enemy1
[Special] gauge_full
[Special] gauge_changed=100
Punch HitBox OFF
[DEV036] Attack finished: player1_punch_1
[DEV036] Attack started: player1_punch_1
Punch HitBox ON
[DEV036] Attack active: player1_punch_1
Punch Hit
Damage: 11
HP: 96
[Special] gauge_changed=18
[DEV036] Attack hit: Enemy1
[Special] gauge_full
[Special] gauge_changed=100
Punch HitBox OFF
[DEV036] Attack finished: player1_punch_1
[DEV036] Attack started: player1_punch_1
Punch HitBox ON
[DEV036] Attack active: player1_punch_1
Punch Hit
Damage: 11
HP: 85
[Special] gauge_changed=27
[DEV036] Attack hit: Enemy1
[Special] gauge_full
[Special] gauge_changed=100
Punch HitBox OFF
[DEV036] Attack finished: player1_punch_1
[DEV036] Attack started: player1_punch_1
Punch HitBox ON
[DEV036] Attack active: player1_punch_1
Punch Hit
Damage: 11
HP: 74
[Special] gauge_changed=36
[DEV036] Attack hit: Enemy1
[Special] gauge_full
[Special] gauge_changed=100
Punch HitBox OFF
[DEV036] Attack finished: player1_punch_1
[DEV036] Attack started: player1_punch_1
Punch HitBox ON
[DEV036] Attack active: player1_punch_1
Punch Hit
Damage: 11
HP: 63
[Special] gauge_changed=45
[DEV036] Attack hit: Enemy1
[Special] gauge_full
[Special] gauge_changed=100
Punch HitBox OFF
[DEV036] Attack finished: player1_punch_1
[DEV036] Attack started: player1_punch_1
Punch HitBox ON
[DEV036] Attack active: player1_punch_1
Punch Hit
Damage: 11
HP: 52
[Special] gauge_changed=54
[DEV036] Attack hit: Enemy1
[Special] gauge_full
[Special] gauge_changed=100
Punch HitBox OFF
[DEV036] Attack finished: player1_punch_1
[DEV036] Attack started: player1_punch_1
Punch HitBox ON
[DEV036] Attack active: player1_punch_1
Punch Hit
Damage: 11
HP: 41
[Special] gauge_changed=63
[DEV036] Attack hit: Enemy1
[Special] gauge_full
[Special] gauge_changed=100
Punch HitBox OFF
[DEV036] Attack finished: player1_punch_1
[DEV036] Attack started: player1_punch_1
Punch HitBox ON
[DEV036] Attack active: player1_punch_1
Punch Hit
Damage: 11
HP: 30
[Special] gauge_changed=72
[DEV036] Attack hit: Enemy1
[Special] gauge_full
[Special] gauge_changed=100
Punch HitBox OFF
[DEV036] Attack finished: player1_punch_1
[DEV036] Attack started: player1_punch_1
Punch HitBox ON
[DEV036] Attack active: player1_punch_1
Punch Hit
Damage: 11
HP: 19
[Special] gauge_changed=81
[DEV036] Attack hit: Enemy1
[Special] gauge_full
[Special] gauge_changed=100
Punch HitBox OFF
[DEV036] Attack finished: player1_punch_1
[DEV036] Attack started: player1_punch_1
Punch HitBox ON
[DEV036] Attack active: player1_punch_1
Punch Hit
Damage: 11
HP: 8
[Special] gauge_changed=90
[DEV036] Attack hit: Enemy1
[Special] gauge_full
[Special] gauge_changed=100
Punch HitBox OFF
[DEV036] Attack finished: player1_punch_1
[DEV036] Attack started: player1_punch_1
Punch HitBox ON
[DEV036] Attack active: player1_punch_1
Punch Hit
Damage: 11
HP: 0
HP reached 0
KO detected
[DEV036] Attack hit: Enemy1
[Special] gauge_full
[Special] gauge_changed=100
[DEV036] Attack finished: player1_punch_1
Enemy defeated: enemy_07_teki_fighter
BGM: WinBGM
STAGE 3 CLEAR
[DEV041][GameFlow] Restart confirmed
[DEV041][GameFlow] Battle cleanup completed
Game progress initialized
[DEV033] Player select opened
[ROTATION] Fighter selected for stage 1: player_01_akky
[Special] gauge_full
[DEV035] Character data loaded: player_01_akky
[DEV035] Type: Balance
[DEV035] HP: 100
[DEV035] Move speed: 235
[DEV035] Punch damage: 11
[DEV035] Kick damage: 15
[DEV035] player_01_akky stats applied
[DEV035] HUD max HP updated: 50
[DEV035] Character data loaded: enemy_01_crusher
[DEV035] Type: Power
[DEV035] HP: 125
[DEV035] Move speed: 245
[DEV035] Punch damage: 6
[DEV035] Kick damage: 8
[DEV033] Enemy target updated: player_01_akky
BGM: BattleBGM
Battle Start: player_01_akky VS enemy_01_crusher
[DEV041][GameFlow] Battle cleanup completed
STAGE3_REGRESSION failures=[]
