Godot Engine v4.7.stable.official.5b4e0cb0f - https://godotengine.org

[FONT] Japanese UI font active: Noto Sans JP
Game progress initialized
[DEV033] Player select opened
BGM: WinBGM
[DEV035] Character data loaded: player_01_akky
[DEV035] Type: Balance
[DEV035] HP: 100
[DEV035] Move speed: 235
[DEV035] Punch damage: 11
[DEV035] Kick damage: 15
[STAGE8_TRUE_ENDING_V1] ENDING route=A mio=true ren=false
[STAGE8_TRUE_ENDING_V1] END_CARD route=A card=TO BE CONTINUED…
STAGE8_ROUTE_CHECK route=A done
Game progress initialized
[DEV033] Player select opened
BGM: WinBGM
[DEV035] Character data loaded: player_02_gou
[DEV035] Type: Power
[DEV035] HP: 130
[DEV035] Move speed: 175
[DEV035] Punch damage: 18
[DEV035] Kick damage: 25
[STAGE8_TRUE_ENDING_V1] ENDING route=B mio=false ren=true
[STAGE8_TRUE_ENDING_V1] END_CARD route=B card=TO BE CONTINUED…
STAGE8_ROUTE_CHECK route=B done
Game progress initialized
[DEV033] Player select opened
BGM: WinBGM
[DEV035] Character data loaded: player_03_seiya
[DEV035] Type: Technical
[DEV035] HP: 92
[DEV035] Move speed: 265
[DEV035] Punch damage: 9
[DEV035] Kick damage: 13
[STAGE8_TRUE_ENDING_V1] ENDING route=C mio=false ren=false
[STAGE8_TRUE_ENDING_V1] END_CARD route=C card=BAD END
STAGE8_ROUTE_CHECK route=C done
Game progress initialized
[DEV033] Player select opened
BGM: WinBGM
[DEV035] Character data loaded: player_01_akky
[DEV035] Type: Balance
[DEV035] HP: 100
[DEV035] Move speed: 235
[DEV035] Punch damage: 11
[DEV035] Kick damage: 15
[DEV035] Character data loaded: player_02_gou
[DEV035] Type: Power
[DEV035] HP: 130
[DEV035] Move speed: 175
[DEV035] Punch damage: 18
[DEV035] Kick damage: 25
[STAGE8_TRUE_ENDING_V1] ENDING route=D mio=true ren=true
[STAGE8_TRUE_ENDING_V1] END_CARD route=D card=TO BE CONTINUED…
STAGE8_ROUTE_CHECK route=D done
Game progress initialized
[DEV033] Player select opened
BGM: WinBGM
[DEV035] Character data loaded: player_01_akky
[DEV035] Type: Balance
[DEV035] HP: 100
[DEV035] Move speed: 235
[DEV035] Punch damage: 11
[DEV035] Kick damage: 15
[DEV035] Character data loaded: player_03_seiya
[DEV035] Type: Technical
[DEV035] HP: 92
[DEV035] Move speed: 265
[DEV035] Punch damage: 9
[DEV035] Kick damage: 13
[STAGE8_TRUE_ENDING_V1] ENDING route=E mio=true ren=false
[STAGE8_TRUE_ENDING_V1] END_CARD route=E card=TO BE CONTINUED…
STAGE8_ROUTE_CHECK route=E done
Game progress initialized
[DEV033] Player select opened
BGM: WinBGM
[DEV035] Character data loaded: player_02_gou
[DEV035] Type: Power
[DEV035] HP: 130
[DEV035] Move speed: 175
[DEV035] Punch damage: 18
[DEV035] Kick damage: 25
[DEV035] Character data loaded: player_03_seiya
[DEV035] Type: Technical
[DEV035] HP: 92
[DEV035] Move speed: 265
[DEV035] Punch damage: 9
[DEV035] Kick damage: 13
[STAGE8_TRUE_ENDING_V1] ENDING route=F mio=false ren=true
[STAGE8_TRUE_ENDING_V1] END_CARD route=F card=TO BE CONTINUED…
STAGE8_ROUTE_CHECK route=F done
Game progress initialized
[DEV033] Player select opened
BGM: WinBGM
[DEV035] Character data loaded: player_01_akky
[DEV035] Type: Balance
[DEV035] HP: 100
[DEV035] Move speed: 235
[DEV035] Punch damage: 11
[DEV035] Kick damage: 15
[DEV035] Character data loaded: player_02_gou
[DEV035] Type: Power
[DEV035] HP: 130
[DEV035] Move speed: 175
[DEV035] Punch damage: 18
[DEV035] Kick damage: 25
[DEV035] Character data loaded: player_03_seiya
[DEV035] Type: Technical
[DEV035] HP: 92
[DEV035] Move speed: 265
[DEV035] Punch damage: 9
[DEV035] Kick damage: 13
[STAGE8_TRUE_ENDING_V1] ENDING route=G mio=true ren=true
Game progress initialized
[ROTATION] Fighter selected for stage 9: player_01_akky
[DEV035] Character data loaded: player_01_akky
[DEV035] Type: Balance
[DEV035] HP: 100
[DEV035] Move speed: 235
[DEV035] Punch damage: 11
[DEV035] Kick damage: 15
[DEV035] player_01_akky stats applied
[DEV035] HUD max HP updated: 50
[DEV035] Character data loaded: enemy_09_seiya
[DEV035] Type: Boss
[DEV035] HP: 180
[DEV035] Move speed: 280
[DEV035] Punch damage: 18
[DEV035] Kick damage: 24
[DEV033] Enemy target updated: player_01_akky
BGM: BattleBGM
Battle Start: player_01_akky VS enemy_09_seiya
DARK_AURA_START target=(320.0, 520.0) cooldown=2.8
DARK_AURA_WARNING target=(320.0, 520.0)
DARK_AURA_ACTIVE size=(84.0, 96.0)
Damage: 26
HP: 4
[Special] gauge_changed=9
DARK_AURA_HIT count=1
[DEV033] Player defeated: player_01_akky
Player defeated: player_01_akky
[DEV033] Enemy HP retained: 180 / 180
[DEV033] Available players: player_02_gou
[ROTATION] Fighter selected for stage 9: player_02_gou
[DEV035] Character data loaded: player_02_gou
[DEV035] Type: Power
[DEV035] HP: 130
[DEV035] Move speed: 175
[DEV035] Punch damage: 18
[DEV035] Kick damage: 25
[DEV035] Character changed: player_01_akky -> player_02_gou
[DEV035] player_02_gou stats applied
[DEV035] HUD max HP updated: 65
[DEV035] Character data loaded: enemy_09_seiya
[DEV035] Type: Boss
[DEV035] HP: 180
[DEV035] Move speed: 280
[DEV035] Punch damage: 18
[DEV035] Kick damage: 24
[DEV033] Enemy target updated: player_02_gou
Battle Start: player_02_gou VS enemy_09_seiya
DARK_AURA_START target=(320.0, 520.0) cooldown=2.8
DARK_AURA_WARNING target=(320.0, 520.0)
DARK_AURA_ACTIVE size=(84.0, 96.0)
[DEV041][GameFlow] Restart confirmed
[DEV041][GameFlow] Battle cleanup completed
Game progress initialized
[ROTATION] Fighter selected for stage 9: player_01_akky
[DEV035] Character data loaded: player_01_akky
[DEV035] Type: Balance
[DEV035] HP: 100
[DEV035] Move speed: 235
[DEV035] Punch damage: 11
[DEV035] Kick damage: 15
[DEV035] Character changed: player_02_gou -> player_01_akky
[DEV035] player_01_akky stats applied
[DEV035] HUD max HP updated: 50
[DEV035] Character data loaded: enemy_09_seiya
[DEV035] Type: Boss
[DEV035] HP: 180
[DEV035] Move speed: 280
[DEV035] Punch damage: 18
[DEV035] Kick damage: 24
[DEV033] Enemy target updated: player_01_akky
Battle Start: player_01_akky VS enemy_09_seiya
DARK_AURA_START target=(320.0, 520.0) cooldown=2.8
DARK_AURA_WARNING target=(320.0, 520.0)
DARK_AURA_ACTIVE size=(84.0, 96.0)
Damage: 26
HP: 4
[Special] gauge_changed=9
DARK_AURA_HIT count=1
[STAGE8_TRUE_ENDING_V1] TRUE BOSS SEIYA DEFEATED
[DEV035] Character data loaded: player_01_akky
[DEV035] Type: Balance
[DEV035] HP: 100
[DEV035] Move speed: 235
[DEV035] Punch damage: 11
[DEV035] Kick damage: 15
[DEV035] Character data loaded: player_02_gou
[DEV035] Type: Power
[DEV035] HP: 130
[DEV035] Move speed: 175
[DEV035] Punch damage: 18
[DEV035] Kick damage: 25
[DEV035] Character data loaded: player_03_seiya
[DEV035] Type: Technical
[DEV035] HP: 92
[DEV035] Move speed: 265
[DEV035] Punch damage: 9
[DEV035] Kick damage: 13
[TRUE_ENDING] defeat
Game progress initialized
[ROTATION] Fighter selected for stage 9: player_01_akky
[DEV035] Character data loaded: player_01_akky
[DEV035] Type: Balance
[DEV035] HP: 100
[DEV035] Move speed: 235
[DEV035] Punch damage: 11
[DEV035] Kick damage: 15
[DEV035] player_01_akky stats applied
[DEV035] HUD max HP updated: 50
[DEV035] Character data loaded: enemy_09_seiya
[DEV035] Type: Boss
[DEV035] HP: 180
[DEV035] Move speed: 280
[DEV035] Punch damage: 18
[DEV035] Kick damage: 24
[DEV033] Enemy target updated: player_01_akky
BGM: BattleBGM
Battle Start: player_01_akky VS enemy_09_seiya
DARK_AURA_START target=(320.0, 520.0) cooldown=2.8
DARK_AURA_WARNING target=(320.0, 520.0)
DARK_AURA_ACTIVE size=(84.0, 96.0)
Damage: 26
HP: 4
[Special] gauge_changed=9
DARK_AURA_HIT count=1
BGM: LoseBGM
GAME OVER
[DEV033] GAME OVER
STAGE8_ROUTE_CHECK route=G done
STAGE8_ENDING_CHECK failures=[]
