Godot Engine v4.7.stable.official.5b4e0cb0f - https://godotengine.org
OpenGL API 3.3.0 - Build 32.0.101.6737 - Compatibility - Using Device: Intel - Intel(R) Iris(R) Xe Graphics

[FONT] Japanese UI font active: Noto Sans JP
Game progress initialized
[DEV033] Player select opened
[ROTATION] Fighter selected for stage 1: player_03_seiya
[DEV035] Character data loaded: player_03_seiya
[DEV035] Type: Technical
[DEV035] HP: 180
[DEV035] Move speed: 265
[DEV035] Punch damage: 9
[DEV035] Kick damage: 12
[DEV035] player_03_seiya stats applied
[DEV035] HUD max HP updated: 90
[DEV035] Character data loaded: enemy_01_crusher
[DEV035] Type: Power
[DEV035] HP: 180
[DEV035] Move speed: 245
[DEV035] Punch damage: 8
[DEV035] Kick damage: 10
[DEV033] Enemy target updated: player_03_seiya
[Music] play=battle position=0.00
BGM: BattleBGM
Battle Start: player_03_seiya VS enemy_01_crusher
[DEV036] Attack started: player3_punch_1
Punch HitBox ON
[DEV036] Attack active: player3_punch_1
Punch HitBox OFF
[DEV036] Attack finished: player3_punch_1
[DEV036] Attack missed
[DEV036] Combo chain blocked on whiff
CONTINUOUS_GAMEPLAY sequence=0 facing=1.0 observed=["idle_ready", "punch_1"]
[DEV036] Attack started: player3_kick_finish
Kick HitBox ON
[DEV036] Attack active: player3_kick_finish
Kick HitBox OFF
[DEV036] Attack finished: player3_kick_finish
[DEV036] Attack missed
[DEV036] Combo chain blocked on whiff
CONTINUOUS_GAMEPLAY sequence=1 facing=1.0 observed=["idle_ready", "kick_1"]
Damage: 1
HP: 89
[Special] gauge_changed=8
CONTINUOUS_GAMEPLAY sequence=2 facing=1.0 observed=["idle_ready", "damage_light"]
CONTINUOUS_GAMEPLAY sequence=3 facing=1.0 observed=["idle_ready", "walk_forward", "jump_start", "jump_ascent", "jump_fall", "jump_land"]
[DEV036] Attack started: player3_punch_1
Punch HitBox ON
[DEV036] Attack active: player3_punch_1
Punch HitBox OFF
Damage: 1
HP: 89
[Special] gauge_changed=16
CONTINUOUS_GAMEPLAY sequence=4 facing=1.0 observed=["idle_ready", "walk_forward", "punch_1", "damage_light"]
[Special] gauge_full
[Special] started id=player3_special_clear_counter
[Special] active
[Special] finished
CONTINUOUS_GAMEPLAY sequence=5 facing=1.0 observed=["idle_ready", "seiya_two_start", "seiya_two_somersault", "seiya_two_sidekick", "seiya_two_finish"]
[DEV036] Attack started: player3_punch_1
Punch HitBox ON
[DEV036] Attack active: player3_punch_1
Punch HitBox OFF
[DEV036] Attack finished: player3_punch_1
[DEV036] Attack missed
[DEV036] Combo chain blocked on whiff
CONTINUOUS_GAMEPLAY sequence=0 facing=-1.0 observed=["idle_ready", "punch_1"]
[DEV036] Attack started: player3_kick_finish
Kick HitBox ON
[DEV036] Attack active: player3_kick_finish
Kick HitBox OFF
[DEV036] Attack finished: player3_kick_finish
[DEV036] Attack missed
[DEV036] Combo chain blocked on whiff
CONTINUOUS_GAMEPLAY sequence=1 facing=-1.0 observed=["idle_ready", "kick_1"]
Damage: 1
HP: 89
[Special] gauge_changed=8
CONTINUOUS_GAMEPLAY sequence=2 facing=-1.0 observed=["idle_ready", "damage_light"]
CONTINUOUS_GAMEPLAY sequence=3 facing=-1.0 observed=["idle_ready", "walk_forward", "jump_start", "jump_ascent", "jump_fall", "jump_land"]
[DEV036] Attack started: player3_punch_1
Punch HitBox ON
[DEV036] Attack active: player3_punch_1
Punch HitBox OFF
Damage: 1
HP: 89
[Special] gauge_changed=16
CONTINUOUS_GAMEPLAY sequence=4 facing=-1.0 observed=["idle_ready", "walk_forward", "punch_1", "damage_light"]
[Special] gauge_full
[Special] started id=player3_special_clear_counter
[Special] active
[Special] finished
CONTINUOUS_GAMEPLAY sequence=5 facing=-1.0 observed=["idle_ready", "seiya_two_start", "seiya_two_somersault", "seiya_two_sidekick", "seiya_two_finish"]
SEIYA_CONTINUOUS_GAMEPLAY_CHECK failures=[]
[DEV041][GameFlow] Battle cleanup completed
