Godot Engine v4.7.stable.official.5b4e0cb0f - https://godotengine.org
OpenGL API 3.3.0 - Build 32.0.101.6737 - Compatibility - Using Device: Intel - Intel(R) Iris(R) Xe Graphics

TEKI_PUBLIC_PACK_PROJECT_BINARY=true
[FONT] Japanese UI font active: Noto Sans JP
Game progress initialized
[DEV033] Player select opened
[DEV035] Character data loaded: enemy_07_teki_fighter
[DEV035] Type: Technical Grappler
[DEV035] HP: 118
[DEV035] Move speed: 300
[DEV035] Punch damage: 5
[DEV035] Kick damage: 7
[DEV035] Character data loaded: player_01_akky
[DEV035] Type: Balance
[DEV035] HP: 100
[DEV035] Move speed: 235
[DEV035] Punch damage: 11
[DEV035] Kick damage: 15
[Special] gauge_full
[Special] started id=teki_deadly_hand
[Special] active
Damage: 11
HP: 39
[Special] gauge_changed=12
KNOCKDOWN HIT
[Special] hit target=Player
SPECIAL_FLIGHT ally_balance_R distance=230.6 height=41.6
[Special] finished
Damage: 2
HP: 48
[Special] gauge_changed=24
[Special] gauge_changed=32
[Special] gauge_full
[Special] started id=teki_deadly_hand
[Special] active
Damage: 11
HP: 39
[Special] gauge_changed=44
KNOCKDOWN HIT
[Special] hit target=Player
SPECIAL_FLIGHT ally_balance_L distance=230.6 height=41.6
[Special] finished
Damage: 2
HP: 48
[Special] gauge_changed=57
[Special] gauge_changed=65
[DEV035] Character data loaded: player_02_gou
[DEV035] Type: Power
[DEV035] HP: 130
[DEV035] Move speed: 175
[DEV035] Punch damage: 18
[DEV035] Kick damage: 25
[Special] gauge_full
[Special] started id=teki_deadly_hand
[Special] active
Damage: 11
HP: 54
[Special] gauge_changed=77
KNOCKDOWN HIT
[Special] hit target=Player
SPECIAL_FLIGHT ally_power_R distance=234.3 height=41.6
[Special] finished
Damage: 2
HP: 63
[Special] gauge_changed=89
[Special] gauge_changed=97
[Special] gauge_full
[Special] started id=teki_deadly_hand
[Special] active
Damage: 11
HP: 54
[Special] gauge_full
[Special] gauge_changed=100
KNOCKDOWN HIT
[Special] hit target=Player
SPECIAL_FLIGHT ally_power_L distance=234.3 height=41.6
[Special] finished
Damage: 2
HP: 63
[Special] gauge_full
[Special] gauge_changed=100
[Special] gauge_full
[Special] gauge_changed=100
[Special] gauge_full
[DEV035] Character data loaded: player_03_seiya
[DEV035] Type: Technical
[DEV035] HP: 92
[DEV035] Move speed: 265
[DEV035] Punch damage: 9
[DEV035] Kick damage: 13
[Special] gauge_full
[Special] started id=teki_deadly_hand
[Special] active
Damage: 11
HP: 35
[Special] gauge_full
[Special] gauge_changed=100
KNOCKDOWN HIT
[Special] hit target=Player
SPECIAL_FLIGHT ally_speed_R distance=228.8 height=41.6
[Special] finished
Damage: 2
HP: 44
[Special] gauge_full
[Special] gauge_changed=100
[Special] gauge_full
[Special] gauge_changed=100
[Special] gauge_full
[Special] started id=teki_deadly_hand
[Special] active
Damage: 11
HP: 35
[Special] gauge_full
[Special] gauge_changed=100
KNOCKDOWN HIT
[Special] hit target=Player
SPECIAL_FLIGHT ally_speed_L distance=228.8 height=41.6
[Special] finished
Damage: 2
HP: 44
[Special] gauge_full
[Special] gauge_changed=100
[Special] gauge_full
[Special] gauge_changed=100
[Special] gauge_full
[DEV035] Character data loaded: player_01_akky
[DEV035] Type: Balance
[DEV035] HP: 100
[DEV035] Move speed: 235
[DEV035] Punch damage: 11
[DEV035] Kick damage: 15
[Special] gauge_full
[DEV036] Attack started: player1_punch_1
[Special] started id=teki_deadly_hand
[Special] active
Damage: 11
HP: 39
[Special] gauge_full
[Special] gauge_changed=100
KNOCKDOWN HIT
[Special] hit target=Player
[Special] finished
[Special] gauge_full
[Special] started id=teki_deadly_hand
[Special] active
Damage: 2
HP: 48
[Special] gauge_full
[Special] gauge_changed=100
[Special] gauge_full
[Special] gauge_changed=100
[Special] blocked
[Special] gauge_full
[Special] started id=teki_deadly_hand
[Special] active
Damage: 11
HP: 39
[Special] gauge_full
[Special] gauge_changed=100
KNOCKDOWN HIT
[Special] gauge_full
[DEV036] Attack started: player1_punch_1
[Special] started id=teki_deadly_hand
[Special] active
Damage: 11
HP: 39
[Special] gauge_full
[Special] gauge_changed=100
KNOCKDOWN HIT
[Special] hit target=Player
[Special] finished
[Special] gauge_full
[Special] started id=teki_deadly_hand
[Special] active
Damage: 2
HP: 48
[Special] gauge_full
[Special] gauge_changed=100
[Special] gauge_full
[Special] gauge_changed=100
[Special] blocked
[Special] gauge_full
[Special] started id=teki_deadly_hand
[Special] active
Damage: 11
HP: 39
[Special] gauge_full
[Special] gauge_changed=100
KNOCKDOWN HIT
[Special] gauge_full
[DEV035] Character data loaded: player_02_gou
[DEV035] Type: Power
[DEV035] HP: 130
[DEV035] Move speed: 175
[DEV035] Punch damage: 18
[DEV035] Kick damage: 25
[Special] gauge_full
[DEV036] Attack started: player2_punch_1
[Special] started id=teki_deadly_hand
[Special] active
Damage: 11
HP: 54
[Special] gauge_full
[Special] gauge_changed=100
KNOCKDOWN HIT
[Special] hit target=Player
[Special] finished
[Special] gauge_full
[Special] started id=teki_deadly_hand
[Special] active
Damage: 2
HP: 63
[Special] gauge_full
[Special] gauge_changed=100
[Special] gauge_full
[Special] gauge_changed=100
[Special] blocked
[Special] gauge_full
[Special] started id=teki_deadly_hand
[Special] active
Damage: 11
HP: 54
[Special] gauge_full
[Special] gauge_changed=100
KNOCKDOWN HIT
[Special] gauge_full
[DEV036] Attack started: player2_punch_1
[Special] started id=teki_deadly_hand
[Special] active
Damage: 11
HP: 54
[Special] gauge_full
[Special] gauge_changed=100
KNOCKDOWN HIT
[Special] hit target=Player
[Special] finished
[Special] gauge_full
[Special] started id=teki_deadly_hand
[Special] active
Damage: 2
HP: 63
[Special] gauge_full
[Special] gauge_changed=100
[Special] gauge_full
[Special] gauge_changed=100
[Special] blocked
[Special] gauge_full
[Special] started id=teki_deadly_hand
[Special] active
Damage: 11
HP: 54
[Special] gauge_full
[Special] gauge_changed=100
KNOCKDOWN HIT
[Special] gauge_full
[DEV035] Character data loaded: player_03_seiya
[DEV035] Type: Technical
[DEV035] HP: 92
[DEV035] Move speed: 265
[DEV035] Punch damage: 9
[DEV035] Kick damage: 13
[Special] gauge_full
[DEV036] Attack started: player3_punch_1
[Special] started id=teki_deadly_hand
[Special] active
Damage: 11
HP: 35
[Special] gauge_full
[Special] gauge_changed=100
KNOCKDOWN HIT
[Special] hit target=Player
[Special] finished
[Special] gauge_full
[Special] started id=teki_deadly_hand
[Special] active
Damage: 2
HP: 44
[Special] gauge_full
[Special] gauge_changed=100
[Special] gauge_full
[Special] gauge_changed=100
[Special] blocked
[Special] gauge_full
[Special] started id=teki_deadly_hand
[Special] active
Damage: 11
HP: 35
[Special] gauge_full
[Special] gauge_changed=100
KNOCKDOWN HIT
[Special] gauge_full
[DEV036] Attack started: player3_punch_1
[Special] started id=teki_deadly_hand
[Special] active
Damage: 11
HP: 35
[Special] gauge_full
[Special] gauge_changed=100
KNOCKDOWN HIT
[Special] hit target=Player
[Special] finished
[Special] gauge_full
[Special] started id=teki_deadly_hand
[Special] active
Damage: 2
HP: 44
[Special] gauge_full
[Special] gauge_changed=100
[Special] gauge_full
[Special] gauge_changed=100
[Special] blocked
[Special] gauge_full
[Special] started id=teki_deadly_hand
[Special] active
Damage: 11
HP: 35
[Special] gauge_full
[Special] gauge_changed=100
KNOCKDOWN HIT
[Special] gauge_full
[Special] started id=teki_deadly_hand
[Special] gauge_full
[DEV035] Character data loaded: player_01_akky
[DEV035] Type: Balance
[DEV035] HP: 100
[DEV035] Move speed: 235
[DEV035] Punch damage: 11
[DEV035] Kick damage: 15
[Special] gauge_full
[Special] gauge_full
[Special] started id=teki_deadly_hand
[Special] started id=player1_special_thunder_drive
[Special] active
[Special] active
[Special] interrupted
Damage: 11
HP: 39
[Special] gauge_changed=12
KNOCKDOWN HIT
[Special] hit target=Player
[Special] interrupted
Damage: 23
HP: 95
[Special] gauge_changed=12
KNOCKDOWN HIT
[Special] hit target=Enemy1
[DEV035] Character data loaded: player_02_gou
[DEV035] Type: Power
[DEV035] HP: 130
[DEV035] Move speed: 175
[DEV035] Punch damage: 18
[DEV035] Kick damage: 25
[Special] gauge_full
[Special] gauge_full
[Special] started id=teki_deadly_hand
[Special] started id=player2_special_iron_breaker
[Special] active
[Special] active
[Special] interrupted
Damage: 11
HP: 54
[Special] gauge_changed=12
KNOCKDOWN HIT
[Special] hit target=Player
[Special] interrupted
Damage: 38
HP: 80
[Special] gauge_changed=12
KNOCKDOWN HIT
[Special] hit target=Enemy1
[DEV035] Character data loaded: player_03_seiya
[DEV035] Type: Technical
[DEV035] HP: 92
[DEV035] Move speed: 265
[DEV035] Punch damage: 9
[DEV035] Kick damage: 13
[Special] gauge_full
[Special] gauge_full
[Special] started id=teki_deadly_hand
[Special] started id=player3_special_clear_counter
[Special] active
[Special] active
[Special] interrupted
Damage: 11
HP: 35
[Special] gauge_changed=12
KNOCKDOWN HIT
[Special] hit target=Player
[Special] interrupted
Damage: 13
HP: 105
[Special] gauge_changed=12
KNOCKDOWN HIT
[Special] hit target=Enemy1
Damage: 11
HP: 35
[Special] gauge_changed=24
KNOCKDOWN HIT
TEKI_REVERSAL_EXTRA_OK natural_contact guard whiff ai body_mass special_trade airborne down
Damage: 11
HP: 0
HP reached 0
SPECIAL_LAUNCH_REACTION_CHECK failures=[] screenshots=111
