Godot Engine v4.7.stable.official.5b4e0cb0f - https://godotengine.org
OpenGL API 3.3.0 - Build 32.0.101.6737 - Compatibility - Using Device: Intel - Intel(R) Iris(R) Xe Graphics

[FONT] Japanese UI font active: Noto Sans JP
Game progress initialized
[DEV033] Player select opened
[DEV035] Character data loaded: player_02_gou
[DEV035] Type: Power
[DEV035] HP: 130
[DEV035] Move speed: 175
[DEV035] Punch damage: 18
[DEV035] Kick damage: 25
[DEV035] Character data loaded: enemy_07_teki_fighter
[DEV035] Type: Technical Grappler
[DEV035] HP: 118
[DEV035] Move speed: 300
[DEV035] Punch damage: 5
[DEV035] Kick damage: 7
[Special] gauge_full
[Special] started id=player2_special_iron_breaker
[Special] active
Damage: 38
HP: 80
[Special] gauge_changed=12
KNOCKDOWN HIT
[Special] hit target=Enemy1
[Special] finished
SPECIAL_FLIGHT enemy_07_tricky_R distance=312.8 height=25.0
Damage: 6
HP: 112
[Special] gauge_changed=24
[Special] gauge_changed=32
[DEV062][enemy_07_teki_fighter] Guard success -> counter armed
[Special] gauge_full
[Special] started id=player2_special_iron_breaker
[Special] active
Damage: 38
HP: 80
[Special] gauge_changed=44
KNOCKDOWN HIT
[Special] hit target=Enemy1
[Special] finished
SPECIAL_FLIGHT enemy_07_tricky_L distance=312.8 height=25.0
Damage: 6
HP: 112
[Special] gauge_changed=57
[Special] gauge_changed=65
[DEV062][enemy_07_teki_fighter] Guard success -> counter armed
Damage: 38
HP: 0
HP reached 0
SPECIAL_LAUNCH_REACTION_CHECK failures=[] screenshots=24
