TEST special_reversal_check EXIT=0 PASS=True
TEST special_ai_situation_check EXIT=0 PASS=True
TEST special_grapple_guard_check EXIT=0 PASS=True
TEST stage9_two_hit_qa EXIT=0 PASS=True
TEST stage9_cleanup_qa EXIT=0 PASS=True
TEST cross_muei_check EXIT=0 PASS=True
TEST crusher_reversal_presentation_check EXIT=0 PASS=True
TEST rei_reversal_presentation_check EXIT=0 PASS=True
TEST combat_pose_flow_check EXIT=0 PASS=True
TEST st_action_fix_regression EXIT=0 PASS=True
TEST stage5_6_motion_atlas EXIT=0 PASS=True
TEST stage7_8_motion_atlas EXIT=0 PASS=True
TEST stage5_shadow_boxer_regression EXIT=0 PASS=True
TEST dev052_visual_check EXIT=0 PASS=True
TEST dev053_stage1_smoke EXIT=0 PASS=False
TEST dev056_enemy_air_attack_smoke EXIT=0 PASS=False
TEST dev061_enemy_pressure_smoke EXIT=0 PASS=True
TEST dev062_guard_counterplay_smoke EXIT=0 PASS=True
TEST dev063_special_gauge_balance_smoke EXIT=0 PASS=True
TEST dev064_archetype_balance_smoke EXIT=0 PASS=False
TEST dev065_double_tap_mobility_smoke EXIT=0 PASS=False
TEST dev066_character_backstep_ai_smoke EXIT=0 PASS=False
TEST akky_motion_atlas EXIT=0 PASS=True
TEST gou_motion_atlas EXIT=0 PASS=True
TEST seiya_motion_atlas EXIT=0 PASS=True
TEST stage1_regression EXIT=0 PASS=False
TEST stage2_regression EXIT=0 PASS=False
TEST stage3_regression EXIT=0 PASS=True
TEST stage4_regression EXIT=0 PASS=True
TEST japanese_font_smoke EXIT=0 PASS=True
TEST opening_flow_smoke EXIT=0 PASS=True
TEST stage8_ending_check EXIT=0 PASS=True
TEST true_seiya_combat_check EXIT=0 PASS=True
TEST dark_seiya_combat_check EXIT=0 PASS=True
