Godot Engine v4.7.stable.official.5b4e0cb0f - https://godotengine.org

[FONT] Japanese UI font active: Noto Sans JP
[DEV035] Character data loaded: player_02_gou
[DEV035] Type: Power
[DEV035] HP: 130
[DEV035] Move speed: 175
[DEV035] Punch damage: 18
[DEV035] Kick damage: 25
[DEV035] Character data loaded: player_02_gou
[DEV035] Type: Power
[DEV035] HP: 130
[DEV035] Move speed: 175
[DEV035] Punch damage: 18
[DEV035] Kick damage: 25
[DEV035] Character data loaded: player_03_seiya
[DEV035] Type: Technical
[DEV035] HP: 92
[DEV035] Move speed: 265
[DEV035] Punch damage: 9
[DEV035] Kick damage: 13
[DEV035] Character data loaded: player_03_seiya
[DEV035] Type: Technical
[DEV035] HP: 92
[DEV035] Move speed: 265
[DEV035] Punch damage: 9
[DEV035] Kick damage: 13
HERO_DISPLAY_CANVAS_CHECK frames=824 failures=[]
