Godot Engine v4.7.stable.official.5b4e0cb0f - https://godotengine.org

[FONT] Japanese UI font active: Noto Sans JP
Game progress initialized
[DEV033] Player select opened
[ROTATION] Fighter selected for stage 1: player_03_seiya
[DEV035] Character data loaded: player_03_seiya
[DEV035] Type: Technical
[DEV035] HP: 180
[DEV035] Move speed: 265
[DEV035] Punch damage: 9
[DEV035] Kick damage: 12
[DEV035] player_03_seiya stats applied
[DEV035] HUD max HP updated: 90
[DEV035] Character data loaded: enemy_01_crusher
[DEV035] Type: Power
[DEV035] HP: 180
[DEV035] Move speed: 245
[DEV035] Punch damage: 8
[DEV035] Kick damage: 10
[DEV033] Enemy target updated: player_03_seiya
[Music] play=battle position=0.00
BGM: BattleBGM
Battle Start: player_03_seiya VS enemy_01_crusher
[DEV036] Attack started: seiya_down_punch
Punch HitBox ON
[DEV036] Attack active: seiya_down_punch
Punch Hit
Damage: 9
HP: 171
[Special] gauge_changed=6
[DEV036] Attack hit: Enemy1
[Special] gauge_changed=8
Punch HitBox OFF
[DEV036] Attack finished: seiya_down_punch
[DEV036] Attack started: seiya_back_kick
Kick HitBox ON
[DEV036] Attack active: seiya_back_kick
Kick HitBox OFF
[DEV036] Attack started: seiya_down_punch
Punch HitBox ON
[DEV036] Attack active: seiya_down_punch
Punch Hit
Damage: 9
HP: 171
[Special] gauge_changed=12
[DEV036] Attack hit: Enemy1
[Special] gauge_changed=16
Punch HitBox OFF
[DEV036] Attack finished: seiya_down_punch
[DEV036] Attack started: seiya_back_kick
Kick HitBox ON
[DEV036] Attack active: seiya_back_kick
Kick HitBox OFF
SEIYA_AUTHORED_LAUNCHER_CHECK seiya failures=[]
[DEV041][GameFlow] Battle cleanup completed
WARNING: 2 ObjectDB instances were leaked at exit (run with `--verbose` for details).
   at: cleanup (core/object/object.cpp:2535)
